2026.07.07 14:58:13 INFO  Started: Metals version 1.6.7 in folders '/Users/sindhoora/Downloads/distributed-file-retrieval-engine' for client Visual Studio Code 1.127.0.
2026.07.07 14:58:13 INFO  Memory monitor started
2026.07.07 14:58:13 WARN  Using H2 2.4.240 which is newer than the version Flyway has been verified with. The latest verified version of H2 is 2.3.232.
2026.07.07 14:58:13 INFO  no build target found for /Users/sindhoora/Downloads/distributed-file-retrieval-engine/app-java/src/main/java/com/sindhoora/distributedsearch/FileRetrievalBenchmark.java. Using fallback presentation compiler.
2026.07.07 14:58:13 INFO  no build target found for /Users/sindhoora/Downloads/distributed-file-retrieval-engine/app-java/src/main/java/com/sindhoora/distributedsearch/FileRetrievalBenchmark.java. Using fallback presentation compiler.
2026.07.07 14:58:14 INFO  no build target found for /Users/sindhoora/Downloads/distributed-file-retrieval-engine/app-java/src/main/java/com/sindhoora/distributedsearch/FileRetrievalBenchmark.java. Using fallback presentation compiler.
Jul 07, 2026 2:58:15 PM org.eclipse.lsp4j.jsonrpc.RemoteEndpoint handleCancellation
WARNING: Unmatched cancel notification for request id 2
Jul 07, 2026 2:58:15 PM org.eclipse.lsp4j.jsonrpc.RemoteEndpoint handleCancellation
WARNING: Unmatched cancel notification for request id 3
Jul 07, 2026 2:58:15 PM org.eclipse.lsp4j.jsonrpc.RemoteEndpoint handleCancellation
WARNING: Unmatched cancel notification for request id 6
Jul 07, 2026 2:58:15 PM org.eclipse.lsp4j.jsonrpc.RemoteEndpoint handleCancellation
WARNING: Unmatched cancel notification for request id 1
2026.07.07 14:58:17 INFO  no build target found for /Users/sindhoora/Downloads/distributed-file-retrieval-engine/app-java/src/main/java/com/sindhoora/distributedsearch/FileRetrievalBenchmark.java. Using fallback presentation compiler.
2026.07.07 14:58:17 WARN  no build target for: /Users/sindhoora/Downloads/distributed-file-retrieval-engine/app-java/src/main/java/com/sindhoora/distributedsearch/FileRetrievalBenchmark.java
2026.07.07 14:58:17 INFO  no build target found for /Users/sindhoora/Downloads/distributed-file-retrieval-engine/app-java/src/main/java/com/sindhoora/distributedsearch/FileRetrievalBenchmark.java. Using fallback presentation compiler.
2026.07.07 14:58:17 INFO  no build target found for /Users/sindhoora/Downloads/distributed-file-retrieval-engine/app-java/src/main/java/com/sindhoora/distributedsearch/FileRetrievalBenchmark.java. Using fallback presentation compiler.
Jul 07, 2026 2:58:17 PM org.eclipse.lsp4j.jsonrpc.RemoteEndpoint handleCancellation
WARNING: Unmatched cancel notification for request id 9
2026.07.07 14:58:17 INFO  no build target found for /Users/sindhoora/Downloads/distributed-file-retrieval-engine/app-java/src/main/java/com/sindhoora/distributedsearch/FileRetrievalBenchmark.java. Using fallback presentation compiler.
Jul 07, 2026 2:58:17 PM org.eclipse.lsp4j.jsonrpc.RemoteEndpoint handleCancellation
WARNING: Unmatched cancel notification for request id 14
2026.07.07 14:58:17 INFO  no build target found for /Users/sindhoora/Downloads/distributed-file-retrieval-engine/app-java/src/main/java/com/sindhoora/distributedsearch/FileRetrievalBenchmark.java. Using fallback presentation compiler.
2026.07.07 14:58:17 INFO  no build target found for /Users/sindhoora/Downloads/distributed-file-retrieval-engine/app-java/src/main/java/com/sindhoora/distributedsearch/FileRetrievalBenchmark.java. Using fallback presentation compiler.
2026.07.07 14:58:17 INFO  no build target found for /Users/sindhoora/Downloads/distributed-file-retrieval-engine/app-java/src/main/java/com/sindhoora/distributedsearch/FileRetrievalBenchmark.java. Using fallback presentation compiler.
2026.07.07 14:58:18 INFO  no build target found for /Users/sindhoora/Downloads/distributed-file-retrieval-engine/app-java/src/main/java/com/sindhoora/distributedsearch/FileRetrievalBenchmark.java. Using fallback presentation compiler.
2026.07.07 14:58:18 INFO  no build target found for /Users/sindhoora/Downloads/distributed-file-retrieval-engine/app-java/src/main/java/com/sindhoora/distributedsearch/FileRetrievalBenchmark.java. Using fallback presentation compiler.
2026.07.07 14:58:19 INFO  no build target found for /Users/sindhoora/Downloads/distributed-file-retrieval-engine/app-java/src/main/java/com/sindhoora/distributedsearch/FileRetrievalBenchmark.java. Using fallback presentation compiler.
2026.07.07 14:58:19 INFO  no build target found for /Users/sindhoora/Downloads/distributed-file-retrieval-engine/app-java/src/main/java/com/sindhoora/distributedsearch/FileRetrievalBenchmark.java. Using fallback presentation compiler.
2026.07.07 14:58:19 INFO  no build target found for /Users/sindhoora/Downloads/distributed-file-retrieval-engine/app-java/src/main/java/com/sindhoora/distributedsearch/FileRetrievalBenchmark.java. Using fallback presentation compiler.
2026.07.07 14:58:24 INFO  no build target found for /Users/sindhoora/Downloads/distributed-file-retrieval-engine/app-java/src/main/java/com/sindhoora/distributedsearch/FileRetrievalBenchmark.java. Using fallback presentation compiler.
2026.07.07 14:58:24 WARN  no build target for: /Users/sindhoora/Downloads/distributed-file-retrieval-engine/app-java/src/main/java/com/sindhoora/distributedsearch/FileRetrievalBenchmark.java
2026.07.07 14:58:24 INFO  no build target found for /Users/sindhoora/Downloads/distributed-file-retrieval-engine/app-java/src/main/java/com/sindhoora/distributedsearch/FileRetrievalBenchmark.java. Using fallback presentation compiler.
2026.07.07 14:58:24 INFO  no build target found for /Users/sindhoora/Downloads/distributed-file-retrieval-engine/app-java/src/main/java/com/sindhoora/distributedsearch/FileRetrievalBenchmark.java. Using fallback presentation compiler.
2026.07.07 14:58:24 INFO  no build target found for /Users/sindhoora/Downloads/distributed-file-retrieval-engine/app-java/src/main/java/com/sindhoora/distributedsearch/FileRetrievalBenchmark.java. Using fallback presentation compiler.
2026.07.07 14:58:25 INFO  no build target found for /Users/sindhoora/Downloads/distributed-file-retrieval-engine/app-java/src/main/java/com/sindhoora/distributedsearch/FileRetrievalBenchmark.java. Using fallback presentation compiler.
2026.07.07 14:58:25 INFO  no build target found for /Users/sindhoora/Downloads/distributed-file-retrieval-engine/app-java/src/main/java/com/sindhoora/distributedsearch/FileRetrievalBenchmark.java. Using fallback presentation compiler.
2026.07.07 14:58:25 INFO  no build target found for /Users/sindhoora/Downloads/distributed-file-retrieval-engine/app-java/src/main/java/com/sindhoora/distributedsearch/FileRetrievalBenchmark.java. Using fallback presentation compiler.
2026.07.07 14:58:27 INFO  no build target found for /Users/sindhoora/Downloads/distributed-file-retrieval-engine/app-java/src/main/java/com/sindhoora/distributedsearch/FileRetrievalBenchmark.java. Using fallback presentation compiler.
2026.07.07 14:58:27 INFO  no build target found for /Users/sindhoora/Downloads/distributed-file-retrieval-engine/app-java/src/main/java/com/sindhoora/distributedsearch/FileRetrievalBenchmark.java. Using fallback presentation compiler.
2026.07.07 14:58:27 INFO  no build target found for /Users/sindhoora/Downloads/distributed-file-retrieval-engine/app-java/src/main/java/com/sindhoora/distributedsearch/FileRetrievalBenchmark.java. Using fallback presentation compiler.
2026.07.07 14:58:29 INFO  no build target found for /Users/sindhoora/Downloads/distributed-file-retrieval-engine/app-java/src/main/java/com/sindhoora/distributedsearch/FileRetrievalBenchmark.java. Using fallback presentation compiler.
2026.07.07 14:58:31 INFO  no build target found for /Users/sindhoora/Downloads/distributed-file-retrieval-engine/app-java/src/main/java/com/sindhoora/distributedsearch/FileRetrievalClient.java. Using fallback presentation compiler.
2026.07.07 14:58:31 INFO  no build target found for /Users/sindhoora/Downloads/distributed-file-retrieval-engine/app-java/src/main/java/com/sindhoora/distributedsearch/FileRetrievalClient.java. Using fallback presentation compiler.
Jul 07, 2026 2:58:31 PM org.eclipse.lsp4j.jsonrpc.RemoteEndpoint handleCancellation
WARNING: Unmatched cancel notification for request id 46
2026.07.07 14:58:31 INFO  no build target found for /Users/sindhoora/Downloads/distributed-file-retrieval-engine/app-java/src/main/java/com/sindhoora/distributedsearch/FileRetrievalClient.java. Using fallback presentation compiler.
2026.07.07 14:58:31 INFO  no build target found for /Users/sindhoora/Downloads/distributed-file-retrieval-engine/app-java/src/main/java/com/sindhoora/distributedsearch/FileRetrievalClient.java. Using fallback presentation compiler.
Jul 07, 2026 2:58:32 PM org.eclipse.lsp4j.jsonrpc.RemoteEndpoint handleCancellation
WARNING: Unmatched cancel notification for request id 56
2026.07.07 14:58:31 INFO  no build target found for /Users/sindhoora/Downloads/distributed-file-retrieval-engine/app-java/src/main/java/com/sindhoora/distributedsearch/FileRetrievalClient.java. Using fallback presentation compiler.
2026.07.07 14:58:32 INFO  no build target found for /Users/sindhoora/Downloads/distributed-file-retrieval-engine/app-java/src/main/java/com/sindhoora/distributedsearch/FileRetrievalClient.java. Using fallback presentation compiler.
2026.07.07 14:58:32 INFO  no build target found for /Users/sindhoora/Downloads/distributed-file-retrieval-engine/app-java/src/main/java/com/sindhoora/distributedsearch/FileRetrievalClient.java. Using fallback presentation compiler.
2026.07.07 14:58:34 INFO  no build target found for /Users/sindhoora/Downloads/distributed-file-retrieval-engine/app-java/src/main/java/com/sindhoora/distributedsearch/FileRetrievalClient.java. Using fallback presentation compiler.
2026.07.07 14:58:34 INFO  no build target found for /Users/sindhoora/Downloads/distributed-file-retrieval-engine/app-java/src/main/java/com/sindhoora/distributedsearch/FileRetrievalClient.java. Using fallback presentation compiler.
2026.07.07 14:58:38 INFO  no build target found for /Users/sindhoora/Downloads/distributed-file-retrieval-engine/app-java/src/main/java/com/sindhoora/distributedsearch/FileRetrievalClient.java. Using fallback presentation compiler.
2026.07.07 14:58:38 WARN  no build target for: /Users/sindhoora/Downloads/distributed-file-retrieval-engine/app-java/src/main/java/com/sindhoora/distributedsearch/FileRetrievalClient.java
2026.07.07 14:58:38 INFO  no build target found for /Users/sindhoora/Downloads/distributed-file-retrieval-engine/app-java/src/main/java/com/sindhoora/distributedsearch/FileRetrievalClient.java. Using fallback presentation compiler.
2026.07.07 14:58:38 INFO  no build target found for /Users/sindhoora/Downloads/distributed-file-retrieval-engine/app-java/src/main/java/com/sindhoora/distributedsearch/FileRetrievalClient.java. Using fallback presentation compiler.
2026.07.07 14:58:38 INFO  no build target found for /Users/sindhoora/Downloads/distributed-file-retrieval-engine/app-java/src/main/java/com/sindhoora/distributedsearch/FileRetrievalClient.java. Using fallback presentation compiler.
2026.07.07 14:58:38 INFO  no build target found for /Users/sindhoora/Downloads/distributed-file-retrieval-engine/app-java/src/main/java/com/sindhoora/distributedsearch/FileRetrievalClient.java. Using fallback presentation compiler.
2026.07.07 14:58:38 INFO  no build target found for /Users/sindhoora/Downloads/distributed-file-retrieval-engine/app-java/src/main/java/com/sindhoora/distributedsearch/FileRetrievalClient.java. Using fallback presentation compiler.
2026.07.07 14:58:39 INFO  no build target found for /Users/sindhoora/Downloads/distributed-file-retrieval-engine/app-java/src/main/java/com/sindhoora/distributedsearch/FileRetrievalClient.java. Using fallback presentation compiler.
2026.07.07 14:58:39 INFO  no build target found for /Users/sindhoora/Downloads/distributed-file-retrieval-engine/app-java/src/main/java/com/sindhoora/distributedsearch/FileRetrievalClient.java. Using fallback presentation compiler.
2026.07.07 14:58:39 INFO  no build target found for /Users/sindhoora/Downloads/distributed-file-retrieval-engine/app-java/src/main/java/com/sindhoora/distributedsearch/FileRetrievalClient.java. Using fallback presentation compiler.
2026.07.07 14:58:41 INFO  no build target found for /Users/sindhoora/Downloads/distributed-file-retrieval-engine/app-java/src/main/java/com/sindhoora/distributedsearch/FileRetrievalClient.java. Using fallback presentation compiler.
2026.07.07 14:58:44 INFO  no build target found for /Users/sindhoora/Downloads/distributed-file-retrieval-engine/app-java/src/main/java/com/sindhoora/distributedsearch/FileRetrievalServer.java. Using fallback presentation compiler.
2026.07.07 14:58:44 INFO  no build target found for /Users/sindhoora/Downloads/distributed-file-retrieval-engine/app-java/src/main/java/com/sindhoora/distributedsearch/FileRetrievalServer.java. Using fallback presentation compiler.
Jul 07, 2026 2:58:44 PM org.eclipse.lsp4j.jsonrpc.RemoteEndpoint handleCancellation
WARNING: Unmatched cancel notification for request id 82
2026.07.07 14:58:44 INFO  no build target found for /Users/sindhoora/Downloads/distributed-file-retrieval-engine/app-java/src/main/java/com/sindhoora/distributedsearch/FileRetrievalServer.java. Using fallback presentation compiler.
2026.07.07 14:58:44 INFO  no build target found for /Users/sindhoora/Downloads/distributed-file-retrieval-engine/app-java/src/main/java/com/sindhoora/distributedsearch/FileRetrievalServer.java. Using fallback presentation compiler.
2026.07.07 14:58:44 INFO  no build target found for /Users/sindhoora/Downloads/distributed-file-retrieval-engine/app-java/src/main/java/com/sindhoora/distributedsearch/FileRetrievalServer.java. Using fallback presentation compiler.
2026.07.07 14:58:47 INFO  no build target found for /Users/sindhoora/Downloads/distributed-file-retrieval-engine/app-java/src/main/java/com/sindhoora/distributedsearch/FileRetrievalServer.java. Using fallback presentation compiler.
2026.07.07 14:58:47 INFO  no build target found for /Users/sindhoora/Downloads/distributed-file-retrieval-engine/app-java/src/main/java/com/sindhoora/distributedsearch/FileRetrievalServer.java. Using fallback presentation compiler.
2026.07.07 14:58:47 INFO  no build target found for /Users/sindhoora/Downloads/distributed-file-retrieval-engine/app-java/src/main/java/com/sindhoora/distributedsearch/FileRetrievalServer.java. Using fallback presentation compiler.
2026.07.07 14:58:47 INFO  no build target found for /Users/sindhoora/Downloads/distributed-file-retrieval-engine/app-java/src/main/java/com/sindhoora/distributedsearch/FileRetrievalServer.java. Using fallback presentation compiler.
2026.07.07 14:58:48 INFO  no build target found for /Users/sindhoora/Downloads/distributed-file-retrieval-engine/app-java/src/main/java/com/sindhoora/distributedsearch/FileRetrievalServer.java. Using fallback presentation compiler.
2026.07.07 14:58:48 INFO  no build target found for /Users/sindhoora/Downloads/distributed-file-retrieval-engine/app-java/src/main/java/com/sindhoora/distributedsearch/FileRetrievalServer.java. Using fallback presentation compiler.
2026.07.07 14:58:56 INFO  no build target found for /Users/sindhoora/Downloads/distributed-file-retrieval-engine/app-java/src/main/java/com/sindhoora/distributedsearch/FileRetrievalServer.java. Using fallback presentation compiler.
2026.07.07 14:58:56 WARN  no build target for: /Users/sindhoora/Downloads/distributed-file-retrieval-engine/app-java/src/main/java/com/sindhoora/distributedsearch/FileRetrievalServer.java
2026.07.07 14:58:56 INFO  no build target found for /Users/sindhoora/Downloads/distributed-file-retrieval-engine/app-java/src/main/java/com/sindhoora/distributedsearch/FileRetrievalServer.java. Using fallback presentation compiler.
2026.07.07 14:58:56 INFO  no build target found for /Users/sindhoora/Downloads/distributed-file-retrieval-engine/app-java/src/main/java/com/sindhoora/distributedsearch/FileRetrievalServer.java. Using fallback presentation compiler.
2026.07.07 14:58:56 INFO  no build target found for /Users/sindhoora/Downloads/distributed-file-retrieval-engine/app-java/src/main/java/com/sindhoora/distributedsearch/FileRetrievalServer.java. Using fallback presentation compiler.
2026.07.07 14:58:56 INFO  no build target found for /Users/sindhoora/Downloads/distributed-file-retrieval-engine/app-java/src/main/java/com/sindhoora/distributedsearch/FileRetrievalServer.java. Using fallback presentation compiler.
2026.07.07 14:58:57 INFO  no build target found for /Users/sindhoora/Downloads/distributed-file-retrieval-engine/app-java/src/main/java/com/sindhoora/distributedsearch/FileRetrievalServer.java. Using fallback presentation compiler.
2026.07.07 14:59:00 INFO  no build target found for /Users/sindhoora/Downloads/distributed-file-retrieval-engine/app-java/src/main/java/com/sindhoora/distributedsearch/FileRetrievalServer.java. Using fallback presentation compiler.
2026.07.07 14:59:03 INFO  no build target found for /Users/sindhoora/Downloads/distributed-file-retrieval-engine/app-java/src/main/java/com/sindhoora/distributedsearch/FileRetrievalServer.java. Using fallback presentation compiler.
2026.07.07 14:59:05 INFO  no build target found for /Users/sindhoora/Downloads/distributed-file-retrieval-engine/app-java/src/main/java/com/sindhoora/distributedsearch/FileRetrievalServer.java. Using fallback presentation compiler.
2026.07.07 14:59:07 INFO  no build target found for /Users/sindhoora/Downloads/distributed-file-retrieval-engine/app-java/src/main/java/com/sindhoora/distributedsearch/IndexStore.java. Using fallback presentation compiler.
2026.07.07 14:59:07 INFO  no build target found for /Users/sindhoora/Downloads/distributed-file-retrieval-engine/app-java/src/main/java/com/sindhoora/distributedsearch/IndexStore.java. Using fallback presentation compiler.
2026.07.07 14:59:07 INFO  no build target found for /Users/sindhoora/Downloads/distributed-file-retrieval-engine/app-java/src/main/java/com/sindhoora/distributedsearch/IndexStore.java. Using fallback presentation compiler.
2026.07.07 14:59:07 INFO  no build target found for /Users/sindhoora/Downloads/distributed-file-retrieval-engine/app-java/src/main/java/com/sindhoora/distributedsearch/IndexStore.java. Using fallback presentation compiler.
2026.07.07 14:59:08 INFO  no build target found for /Users/sindhoora/Downloads/distributed-file-retrieval-engine/app-java/src/main/java/com/sindhoora/distributedsearch/IndexStore.java. Using fallback presentation compiler.
2026.07.07 14:59:08 INFO  no build target found for /Users/sindhoora/Downloads/distributed-file-retrieval-engine/app-java/src/main/java/com/sindhoora/distributedsearch/IndexStore.java. Using fallback presentation compiler.
2026.07.07 14:59:08 INFO  no build target found for /Users/sindhoora/Downloads/distributed-file-retrieval-engine/app-java/src/main/java/com/sindhoora/distributedsearch/IndexStore.java. Using fallback presentation compiler.
2026.07.07 14:59:11 INFO  no build target found for /Users/sindhoora/Downloads/distributed-file-retrieval-engine/app-java/src/main/java/com/sindhoora/distributedsearch/IndexStore.java. Using fallback presentation compiler.
2026.07.07 14:59:11 INFO  no build target found for /Users/sindhoora/Downloads/distributed-file-retrieval-engine/app-java/src/main/java/com/sindhoora/distributedsearch/IndexStore.java. Using fallback presentation compiler.
2026.07.07 14:59:12 INFO  no build target found for /Users/sindhoora/Downloads/distributed-file-retrieval-engine/app-java/src/main/java/com/sindhoora/distributedsearch/IndexStore.java. Using fallback presentation compiler.
2026.07.07 14:59:12 INFO  no build target found for /Users/sindhoora/Downloads/distributed-file-retrieval-engine/app-java/src/main/java/com/sindhoora/distributedsearch/IndexStore.java. Using fallback presentation compiler.
2026.07.07 14:59:12 INFO  no build target found for /Users/sindhoora/Downloads/distributed-file-retrieval-engine/app-java/src/main/java/com/sindhoora/distributedsearch/IndexStore.java. Using fallback presentation compiler.
2026.07.07 14:59:14 INFO  no build target found for /Users/sindhoora/Downloads/distributed-file-retrieval-engine/app-java/src/main/java/com/sindhoora/distributedsearch/IndexStore.java. Using fallback presentation compiler.
2026.07.07 14:59:14 WARN  no build target for: /Users/sindhoora/Downloads/distributed-file-retrieval-engine/app-java/src/main/java/com/sindhoora/distributedsearch/IndexStore.java
2026.07.07 14:59:14 INFO  no build target found for /Users/sindhoora/Downloads/distributed-file-retrieval-engine/app-java/src/main/java/com/sindhoora/distributedsearch/IndexStore.java. Using fallback presentation compiler.
2026.07.07 14:59:14 INFO  no build target found for /Users/sindhoora/Downloads/distributed-file-retrieval-engine/app-java/src/main/java/com/sindhoora/distributedsearch/IndexStore.java. Using fallback presentation compiler.
2026.07.07 14:59:14 INFO  no build target found for /Users/sindhoora/Downloads/distributed-file-retrieval-engine/app-java/src/main/java/com/sindhoora/distributedsearch/IndexStore.java. Using fallback presentation compiler.
2026.07.07 14:59:14 INFO  no build target found for /Users/sindhoora/Downloads/distributed-file-retrieval-engine/app-java/src/main/java/com/sindhoora/distributedsearch/IndexStore.java. Using fallback presentation compiler.
2026.07.07 14:59:14 INFO  no build target found for /Users/sindhoora/Downloads/distributed-file-retrieval-engine/app-java/src/main/java/com/sindhoora/distributedsearch/IndexStore.java. Using fallback presentation compiler.
2026.07.07 14:59:18 INFO  no build target found for /Users/sindhoora/Downloads/distributed-file-retrieval-engine/app-java/src/main/java/com/sindhoora/distributedsearch/IndexStore.java. Using fallback presentation compiler.
2026.07.07 14:59:21 INFO  no build target found for /Users/sindhoora/Downloads/distributed-file-retrieval-engine/app-java/src/main/java/com/sindhoora/distributedsearch/ServerProcessingEngine.java. Using fallback presentation compiler.
2026.07.07 14:59:21 INFO  no build target found for /Users/sindhoora/Downloads/distributed-file-retrieval-engine/app-java/src/main/java/com/sindhoora/distributedsearch/ServerProcessingEngine.java. Using fallback presentation compiler.
2026.07.07 14:59:21 INFO  no build target found for /Users/sindhoora/Downloads/distributed-file-retrieval-engine/app-java/src/main/java/com/sindhoora/distributedsearch/ServerProcessingEngine.java. Using fallback presentation compiler.
2026.07.07 14:59:21 INFO  no build target found for /Users/sindhoora/Downloads/distributed-file-retrieval-engine/app-java/src/main/java/com/sindhoora/distributedsearch/ServerProcessingEngine.java. Using fallback presentation compiler.
2026.07.07 14:59:21 INFO  no build target found for /Users/sindhoora/Downloads/distributed-file-retrieval-engine/app-java/src/main/java/com/sindhoora/distributedsearch/ServerProcessingEngine.java. Using fallback presentation compiler.
2026.07.07 14:59:22 INFO  no build target found for /Users/sindhoora/Downloads/distributed-file-retrieval-engine/app-java/src/main/java/com/sindhoora/distributedsearch/ServerProcessingEngine.java. Using fallback presentation compiler.
2026.07.07 14:59:22 INFO  no build target found for /Users/sindhoora/Downloads/distributed-file-retrieval-engine/app-java/src/main/java/com/sindhoora/distributedsearch/ServerProcessingEngine.java. Using fallback presentation compiler.
2026.07.07 14:59:25 INFO  no build target found for /Users/sindhoora/Downloads/distributed-file-retrieval-engine/app-java/src/main/java/com/sindhoora/distributedsearch/ServerProcessingEngine.java. Using fallback presentation compiler.
2026.07.07 14:59:25 INFO  no build target found for /Users/sindhoora/Downloads/distributed-file-retrieval-engine/app-java/src/main/java/com/sindhoora/distributedsearch/ServerProcessingEngine.java. Using fallback presentation compiler.
2026.07.07 14:59:26 INFO  no build target found for /Users/sindhoora/Downloads/distributed-file-retrieval-engine/app-java/src/main/java/com/sindhoora/distributedsearch/ServerProcessingEngine.java. Using fallback presentation compiler.
2026.07.07 14:59:26 INFO  no build target found for /Users/sindhoora/Downloads/distributed-file-retrieval-engine/app-java/src/main/java/com/sindhoora/distributedsearch/ServerProcessingEngine.java. Using fallback presentation compiler.
2026.07.07 14:59:29 INFO  no build target found for /Users/sindhoora/Downloads/distributed-file-retrieval-engine/app-java/src/main/java/com/sindhoora/distributedsearch/ServerProcessingEngine.java. Using fallback presentation compiler.
2026.07.07 14:59:29 WARN  no build target for: /Users/sindhoora/Downloads/distributed-file-retrieval-engine/app-java/src/main/java/com/sindhoora/distributedsearch/ServerProcessingEngine.java
2026.07.07 14:59:29 INFO  no build target found for /Users/sindhoora/Downloads/distributed-file-retrieval-engine/app-java/src/main/java/com/sindhoora/distributedsearch/ServerProcessingEngine.java. Using fallback presentation compiler.
2026.07.07 14:59:29 INFO  no build target found for /Users/sindhoora/Downloads/distributed-file-retrieval-engine/app-java/src/main/java/com/sindhoora/distributedsearch/ServerProcessingEngine.java. Using fallback presentation compiler.
2026.07.07 14:59:29 INFO  no build target found for /Users/sindhoora/Downloads/distributed-file-retrieval-engine/app-java/src/main/java/com/sindhoora/distributedsearch/ServerProcessingEngine.java. Using fallback presentation compiler.
2026.07.07 14:59:29 INFO  no build target found for /Users/sindhoora/Downloads/distributed-file-retrieval-engine/app-java/src/main/java/com/sindhoora/distributedsearch/ServerProcessingEngine.java. Using fallback presentation compiler.
2026.07.07 14:59:29 INFO  no build target found for /Users/sindhoora/Downloads/distributed-file-retrieval-engine/app-java/src/main/java/com/sindhoora/distributedsearch/ServerProcessingEngine.java. Using fallback presentation compiler.
2026.07.07 14:59:31 INFO  no build target found for /Users/sindhoora/Downloads/distributed-file-retrieval-engine/app-java/src/main/java/com/sindhoora/distributedsearch/ServerProcessingEngine.java. Using fallback presentation compiler.
2026.07.07 14:59:31 INFO  no build target found for /Users/sindhoora/Downloads/distributed-file-retrieval-engine/app-java/src/main/java/com/sindhoora/distributedsearch/ServerProcessingEngine.java. Using fallback presentation compiler.
2026.07.07 14:59:31 INFO  no build target found for /Users/sindhoora/Downloads/distributed-file-retrieval-engine/app-java/src/main/java/com/sindhoora/distributedsearch/ServerProcessingEngine.java. Using fallback presentation compiler.
2026.07.07 14:59:33 INFO  no build target found for /Users/sindhoora/Downloads/distributed-file-retrieval-engine/app-java/src/main/java/com/sindhoora/distributedsearch/ServerProcessingEngine.java. Using fallback presentation compiler.
2026.07.07 14:59:33 INFO  no build target found for /Users/sindhoora/Downloads/distributed-file-retrieval-engine/app-java/src/main/java/com/sindhoora/distributedsearch/ServerProcessingEngine.java. Using fallback presentation compiler.
2026.07.07 14:59:33 INFO  no build target found for /Users/sindhoora/Downloads/distributed-file-retrieval-engine/app-java/src/main/java/com/sindhoora/distributedsearch/ServerProcessingEngine.java. Using fallback presentation compiler.
2026.07.07 14:59:38 INFO  no build target found for /Users/sindhoora/Downloads/distributed-file-retrieval-engine/app-java/src/main/java/com/sindhoora/distributedsearch/ServerProcessingEngine.java. Using fallback presentation compiler.
2026.07.07 14:59:44 INFO  no build target found for /Users/sindhoora/Downloads/distributed-file-retrieval-engine/app-java/src/main/java/com/sindhoora/distributedsearch/ServerProcessingEngine.java. Using fallback presentation compiler.
2026.07.07 14:59:45 INFO  no build target found for /Users/sindhoora/Downloads/distributed-file-retrieval-engine/app-java/src/main/java/com/sindhoora/distributedsearch/ServerProcessingEngine.java. Using fallback presentation compiler.
2026.07.07 14:59:45 INFO  no build target found for /Users/sindhoora/Downloads/distributed-file-retrieval-engine/app-java/src/main/java/com/sindhoora/distributedsearch/ServerProcessingEngine.java. Using fallback presentation compiler.
2026.07.07 14:59:52 INFO  no build target found for /Users/sindhoora/Downloads/distributed-file-retrieval-engine/app-java/src/main/java/com/sindhoora/distributedsearch/FileRetrievalClient.java. Using fallback presentation compiler.
2026.07.07 14:59:52 WARN  no build target for: /Users/sindhoora/Downloads/distributed-file-retrieval-engine/app-java/src/main/java/com/sindhoora/distributedsearch/FileRetrievalClient.java
2026.07.07 14:59:52 INFO  no build target found for /Users/sindhoora/Downloads/distributed-file-retrieval-engine/app-java/src/main/java/com/sindhoora/distributedsearch/FileRetrievalClient.java. Using fallback presentation compiler.
2026.07.07 14:59:52 INFO  no build target found for /Users/sindhoora/Downloads/distributed-file-retrieval-engine/app-java/src/main/java/com/sindhoora/distributedsearch/FileRetrievalClient.java. Using fallback presentation compiler.
2026.07.07 14:59:52 INFO  no build target found for /Users/sindhoora/Downloads/distributed-file-retrieval-engine/app-java/src/main/java/com/sindhoora/distributedsearch/FileRetrievalClient.java. Using fallback presentation compiler.
2026.07.07 14:59:52 INFO  no build target found for /Users/sindhoora/Downloads/distributed-file-retrieval-engine/app-java/src/main/java/com/sindhoora/distributedsearch/FileRetrievalClient.java. Using fallback presentation compiler.
2026.07.07 14:59:52 INFO  no build target found for /Users/sindhoora/Downloads/distributed-file-retrieval-engine/app-java/src/main/java/com/sindhoora/distributedsearch/FileRetrievalServer.java. Using fallback presentation compiler.
2026.07.07 14:59:53 WARN  no build target for: /Users/sindhoora/Downloads/distributed-file-retrieval-engine/app-java/src/main/java/com/sindhoora/distributedsearch/FileRetrievalServer.java
2026.07.07 14:59:53 INFO  no build target found for /Users/sindhoora/Downloads/distributed-file-retrieval-engine/app-java/src/main/java/com/sindhoora/distributedsearch/FileRetrievalServer.java. Using fallback presentation compiler.
2026.07.07 14:59:55 INFO  no build target found for /Users/sindhoora/Downloads/distributed-file-retrieval-engine/app-java/src/main/java/com/sindhoora/distributedsearch/FileRetrievalServer.java. Using fallback presentation compiler.
2026.07.07 14:59:56 INFO  no build target found for /Users/sindhoora/Downloads/distributed-file-retrieval-engine/app-java/src/main/java/com/sindhoora/distributedsearch/ServerProcessingEngine.java. Using fallback presentation compiler.
2026.07.07 14:59:56 INFO  no build target found for /Users/sindhoora/Downloads/distributed-file-retrieval-engine/app-java/src/main/java/com/sindhoora/distributedsearch/ServerProcessingEngine.java. Using fallback presentation compiler.
2026.07.07 14:59:56 WARN  no build target for: /Users/sindhoora/Downloads/distributed-file-retrieval-engine/app-java/src/main/java/com/sindhoora/distributedsearch/ServerProcessingEngine.java
2026.07.07 14:59:56 INFO  no build target found for /Users/sindhoora/Downloads/distributed-file-retrieval-engine/app-java/src/main/java/com/sindhoora/distributedsearch/ServerProcessingEngine.java. Using fallback presentation compiler.
2026.07.07 14:59:56 INFO  no build target found for /Users/sindhoora/Downloads/distributed-file-retrieval-engine/app-java/src/main/java/com/sindhoora/distributedsearch/ServerProcessingEngine.java. Using fallback presentation compiler.
2026.07.07 14:59:56 INFO  no build target found for /Users/sindhoora/Downloads/distributed-file-retrieval-engine/app-java/src/main/java/com/sindhoora/distributedsearch/ServerProcessingEngine.java. Using fallback presentation compiler.
2026.07.07 14:59:56 INFO  no build target found for /Users/sindhoora/Downloads/distributed-file-retrieval-engine/app-java/src/main/java/com/sindhoora/distributedsearch/ServerProcessingEngine.java. Using fallback presentation compiler.
2026.07.07 15:00:02 INFO  no build target found for /Users/sindhoora/Downloads/distributed-file-retrieval-engine/app-java/src/main/java/com/sindhoora/distributedsearch/ServerProcessingEngine.java. Using fallback presentation compiler.
2026.07.07 15:00:04 INFO  no build target found for /Users/sindhoora/Downloads/distributed-file-retrieval-engine/app-java/src/main/java/com/sindhoora/distributedsearch/ServerProcessingEngine.java. Using fallback presentation compiler.
2026.07.07 15:00:11 WARN  no build target for: /Users/sindhoora/Downloads/distributed-file-retrieval-engine/app-java/src/main/java/com/sindhoora/distributedsearch/ClientProcessingEngine.java
2026.07.07 15:00:11 INFO  no build target found for /Users/sindhoora/Downloads/distributed-file-retrieval-engine/app-java/src/main/java/com/sindhoora/distributedsearch/ClientProcessingEngine.java. Using fallback presentation compiler.
2026.07.07 15:00:11 INFO  no build target found for /Users/sindhoora/Downloads/distributed-file-retrieval-engine/app-java/src/main/java/com/sindhoora/distributedsearch/ClientProcessingEngine.java. Using fallback presentation compiler.
2026.07.07 15:00:11 INFO  no build target found for /Users/sindhoora/Downloads/distributed-file-retrieval-engine/app-java/src/main/java/com/sindhoora/distributedsearch/ClientProcessingEngine.java. Using fallback presentation compiler.
2026.07.07 15:00:11 INFO  no build target found for /Users/sindhoora/Downloads/distributed-file-retrieval-engine/app-java/src/main/java/com/sindhoora/distributedsearch/ClientProcessingEngine.java. Using fallback presentation compiler.
2026.07.07 15:00:11 INFO  no build target found for /Users/sindhoora/Downloads/distributed-file-retrieval-engine/app-java/src/main/java/com/sindhoora/distributedsearch/ClientProcessingEngine.java. Using fallback presentation compiler.
2026.07.07 15:00:15 INFO  no build target found for /Users/sindhoora/Downloads/distributed-file-retrieval-engine/app-java/src/main/java/com/sindhoora/distributedsearch/ClientProcessingEngine.java. Using fallback presentation compiler.
2026.07.07 15:00:15 INFO  no build target found for /Users/sindhoora/Downloads/distributed-file-retrieval-engine/app-java/src/main/java/com/sindhoora/distributedsearch/ClientProcessingEngine.java. Using fallback presentation compiler.
2026.07.07 15:02:12 INFO  no build target found for /Users/sindhoora/Downloads/distributed-file-retrieval-engine/app-java/src/main/java/com/sindhoora/distributedsearch/ServerProcessingEngine.java. Using fallback presentation compiler.
2026.07.07 15:02:12 WARN  no build target for: /Users/sindhoora/Downloads/distributed-file-retrieval-engine/app-java/src/main/java/com/sindhoora/distributedsearch/ServerProcessingEngine.java
Jul 07, 2026 3:02:12 PM org.eclipse.lsp4j.jsonrpc.RemoteEndpoint handleCancellation
WARNING: Unmatched cancel notification for request id 298
2026.07.07 15:02:12 INFO  no build target found for /Users/sindhoora/Downloads/distributed-file-retrieval-engine/app-java/src/main/java/com/sindhoora/distributedsearch/ServerProcessingEngine.java. Using fallback presentation compiler.
2026.07.07 15:02:12 INFO  no build target found for /Users/sindhoora/Downloads/distributed-file-retrieval-engine/app-java/src/main/java/com/sindhoora/distributedsearch/ServerProcessingEngine.java. Using fallback presentation compiler.
2026.07.07 15:02:12 INFO  no build target found for /Users/sindhoora/Downloads/distributed-file-retrieval-engine/app-java/src/main/java/com/sindhoora/distributedsearch/ServerProcessingEngine.java. Using fallback presentation compiler.
2026.07.07 15:02:12 INFO  no build target found for /Users/sindhoora/Downloads/distributed-file-retrieval-engine/app-java/src/main/java/com/sindhoora/distributedsearch/ServerProcessingEngine.java. Using fallback presentation compiler.
2026.07.07 15:02:14 INFO  no build target found for /Users/sindhoora/Downloads/distributed-file-retrieval-engine/app-java/src/main/java/com/sindhoora/distributedsearch/ServerProcessingEngine.java. Using fallback presentation compiler.
2026.07.07 15:02:17 INFO  no build target found for /Users/sindhoora/Downloads/distributed-file-retrieval-engine/app-java/src/main/java/com/sindhoora/distributedsearch/FileRetrievalServer.java. Using fallback presentation compiler.
2026.07.07 15:02:17 WARN  no build target for: /Users/sindhoora/Downloads/distributed-file-retrieval-engine/app-java/src/main/java/com/sindhoora/distributedsearch/FileRetrievalServer.java
2026.07.07 15:02:17 INFO  no build target found for /Users/sindhoora/Downloads/distributed-file-retrieval-engine/app-java/src/main/java/com/sindhoora/distributedsearch/FileRetrievalServer.java. Using fallback presentation compiler.
2026.07.07 15:02:19 INFO  no build target found for /Users/sindhoora/Downloads/distributed-file-retrieval-engine/app-java/src/main/java/com/sindhoora/distributedsearch/FileRetrievalServer.java. Using fallback presentation compiler.
2026.07.07 15:02:20 INFO  no build target found for /Users/sindhoora/Downloads/distributed-file-retrieval-engine/app-java/src/main/java/com/sindhoora/distributedsearch/FileRetrievalClient.java. Using fallback presentation compiler.
2026.07.07 15:02:20 WARN  no build target for: /Users/sindhoora/Downloads/distributed-file-retrieval-engine/app-java/src/main/java/com/sindhoora/distributedsearch/FileRetrievalClient.java
2026.07.07 15:02:20 INFO  no build target found for /Users/sindhoora/Downloads/distributed-file-retrieval-engine/app-java/src/main/java/com/sindhoora/distributedsearch/FileRetrievalClient.java. Using fallback presentation compiler.
2026.07.07 15:02:20 INFO  no build target found for /Users/sindhoora/Downloads/distributed-file-retrieval-engine/app-java/src/main/java/com/sindhoora/distributedsearch/FileRetrievalClient.java. Using fallback presentation compiler.
2026.07.07 15:02:20 INFO  no build target found for /Users/sindhoora/Downloads/distributed-file-retrieval-engine/app-java/src/main/java/com/sindhoora/distributedsearch/FileRetrievalClient.java. Using fallback presentation compiler.
2026.07.07 15:02:20 INFO  no build target found for /Users/sindhoora/Downloads/distributed-file-retrieval-engine/app-java/src/main/java/com/sindhoora/distributedsearch/FileRetrievalClient.java. Using fallback presentation compiler.
2026.07.07 15:02:20 INFO  no build target found for /Users/sindhoora/Downloads/distributed-file-retrieval-engine/app-java/src/main/java/com/sindhoora/distributedsearch/FileRetrievalClient.java. Using fallback presentation compiler.
2026.07.07 15:02:24 INFO  no build target found for /Users/sindhoora/Downloads/distributed-file-retrieval-engine/app-java/src/main/java/com/sindhoora/distributedsearch/FileRetrievalBenchmark.java. Using fallback presentation compiler.
2026.07.07 15:02:24 WARN  no build target for: /Users/sindhoora/Downloads/distributed-file-retrieval-engine/app-java/src/main/java/com/sindhoora/distributedsearch/FileRetrievalBenchmark.java
2026.07.07 15:02:24 INFO  no build target found for /Users/sindhoora/Downloads/distributed-file-retrieval-engine/app-java/src/main/java/com/sindhoora/distributedsearch/FileRetrievalBenchmark.java. Using fallback presentation compiler.
2026.07.07 15:02:24 INFO  no build target found for /Users/sindhoora/Downloads/distributed-file-retrieval-engine/app-java/src/main/java/com/sindhoora/distributedsearch/FileRetrievalBenchmark.java. Using fallback presentation compiler.
2026.07.07 15:02:24 INFO  no build target found for /Users/sindhoora/Downloads/distributed-file-retrieval-engine/app-java/src/main/java/com/sindhoora/distributedsearch/FileRetrievalBenchmark.java. Using fallback presentation compiler.
2026.07.07 15:02:24 INFO  no build target found for /Users/sindhoora/Downloads/distributed-file-retrieval-engine/app-java/src/main/java/com/sindhoora/distributedsearch/FileRetrievalBenchmark.java. Using fallback presentation compiler.
2026.07.07 15:02:24 INFO  no build target found for /Users/sindhoora/Downloads/distributed-file-retrieval-engine/app-java/src/main/java/com/sindhoora/distributedsearch/FileRetrievalBenchmark.java. Using fallback presentation compiler.
2026.07.07 15:02:25 INFO  no build target found for /Users/sindhoora/Downloads/distributed-file-retrieval-engine/app-java/src/main/java/com/sindhoora/distributedsearch/FileRetrievalBenchmark.java. Using fallback presentation compiler.
2026.07.07 15:02:27 INFO  no build target found for /Users/sindhoora/Downloads/distributed-file-retrieval-engine/app-java/src/main/java/com/sindhoora/distributedsearch/FileRetrievalClient.java. Using fallback presentation compiler.
2026.07.07 15:02:27 WARN  no build target for: /Users/sindhoora/Downloads/distributed-file-retrieval-engine/app-java/src/main/java/com/sindhoora/distributedsearch/FileRetrievalClient.java
2026.07.07 15:02:27 INFO  no build target found for /Users/sindhoora/Downloads/distributed-file-retrieval-engine/app-java/src/main/java/com/sindhoora/distributedsearch/FileRetrievalClient.java. Using fallback presentation compiler.
2026.07.07 15:02:27 INFO  no build target found for /Users/sindhoora/Downloads/distributed-file-retrieval-engine/app-java/src/main/java/com/sindhoora/distributedsearch/FileRetrievalClient.java. Using fallback presentation compiler.
2026.07.07 15:02:27 INFO  no build target found for /Users/sindhoora/Downloads/distributed-file-retrieval-engine/app-java/src/main/java/com/sindhoora/distributedsearch/FileRetrievalClient.java. Using fallback presentation compiler.
2026.07.07 15:02:27 INFO  no build target found for /Users/sindhoora/Downloads/distributed-file-retrieval-engine/app-java/src/main/java/com/sindhoora/distributedsearch/FileRetrievalClient.java. Using fallback presentation compiler.
2026.07.07 15:02:27 INFO  no build target found for /Users/sindhoora/Downloads/distributed-file-retrieval-engine/app-java/src/main/java/com/sindhoora/distributedsearch/FileRetrievalClient.java. Using fallback presentation compiler.
2026.07.07 15:02:30 INFO  no build target found for /Users/sindhoora/Downloads/distributed-file-retrieval-engine/app-java/src/main/java/com/sindhoora/distributedsearch/FileRetrievalBenchmark.java. Using fallback presentation compiler.
2026.07.07 15:02:30 WARN  no build target for: /Users/sindhoora/Downloads/distributed-file-retrieval-engine/app-java/src/main/java/com/sindhoora/distributedsearch/FileRetrievalBenchmark.java
2026.07.07 15:02:30 INFO  no build target found for /Users/sindhoora/Downloads/distributed-file-retrieval-engine/app-java/src/main/java/com/sindhoora/distributedsearch/FileRetrievalBenchmark.java. Using fallback presentation compiler.
2026.07.07 15:02:30 INFO  no build target found for /Users/sindhoora/Downloads/distributed-file-retrieval-engine/app-java/src/main/java/com/sindhoora/distributedsearch/FileRetrievalBenchmark.java. Using fallback presentation compiler.
2026.07.07 15:02:30 INFO  no build target found for /Users/sindhoora/Downloads/distributed-file-retrieval-engine/app-java/src/main/java/com/sindhoora/distributedsearch/FileRetrievalBenchmark.java. Using fallback presentation compiler.
2026.07.07 15:02:30 INFO  no build target found for /Users/sindhoora/Downloads/distributed-file-retrieval-engine/app-java/src/main/java/com/sindhoora/distributedsearch/FileRetrievalBenchmark.java. Using fallback presentation compiler.
2026.07.07 15:02:32 INFO  no build target found for /Users/sindhoora/Downloads/distributed-file-retrieval-engine/app-java/src/main/java/com/sindhoora/distributedsearch/FileRetrievalBenchmark.java. Using fallback presentation compiler.
2026.07.07 15:02:39 INFO  no build target found for /Users/sindhoora/Downloads/distributed-file-retrieval-engine/app-java/src/main/java/com/sindhoora/distributedsearch/FileRetrievalBenchmark.java. Using fallback presentation compiler.
2026.07.07 15:02:51 INFO  no build target found for /Users/sindhoora/Downloads/distributed-file-retrieval-engine/app-java/src/main/java/com/sindhoora/distributedsearch/FileRetrievalBenchmark.java. Using fallback presentation compiler.
2026.07.07 15:02:51 INFO  no build target found for /Users/sindhoora/Downloads/distributed-file-retrieval-engine/app-java/src/main/java/com/sindhoora/distributedsearch/FileRetrievalBenchmark.java. Using fallback presentation compiler.
2026.07.07 15:02:51 INFO  no build target found for /Users/sindhoora/Downloads/distributed-file-retrieval-engine/app-java/src/main/java/com/sindhoora/distributedsearch/FileRetrievalBenchmark.java. Using fallback presentation compiler.
2026.07.07 15:02:55 WARN  no build target for: /Users/sindhoora/Downloads/distributed-file-retrieval-engine/app-java/src/main/java/com/sindhoora/distributedsearch/ClientProcessingEngine.java
2026.07.07 15:02:55 INFO  no build target found for /Users/sindhoora/Downloads/distributed-file-retrieval-engine/app-java/src/main/java/com/sindhoora/distributedsearch/ClientProcessingEngine.java. Using fallback presentation compiler.
2026.07.07 15:02:55 INFO  no build target found for /Users/sindhoora/Downloads/distributed-file-retrieval-engine/app-java/src/main/java/com/sindhoora/distributedsearch/ClientProcessingEngine.java. Using fallback presentation compiler.
2026.07.07 15:02:55 INFO  no build target found for /Users/sindhoora/Downloads/distributed-file-retrieval-engine/app-java/src/main/java/com/sindhoora/distributedsearch/ClientProcessingEngine.java. Using fallback presentation compiler.
2026.07.07 15:02:55 INFO  no build target found for /Users/sindhoora/Downloads/distributed-file-retrieval-engine/app-java/src/main/java/com/sindhoora/distributedsearch/ClientProcessingEngine.java. Using fallback presentation compiler.
2026.07.07 15:02:55 INFO  no build target found for /Users/sindhoora/Downloads/distributed-file-retrieval-engine/app-java/src/main/java/com/sindhoora/distributedsearch/ClientProcessingEngine.java. Using fallback presentation compiler.
2026.07.07 15:02:56 INFO  no build target found for /Users/sindhoora/Downloads/distributed-file-retrieval-engine/app-java/src/main/java/com/sindhoora/distributedsearch/ClientProcessingEngine.java. Using fallback presentation compiler.
2026.07.07 15:02:58 INFO  no build target found for /Users/sindhoora/Downloads/distributed-file-retrieval-engine/app-java/src/main/java/com/sindhoora/distributedsearch/ClientProcessingEngine.java. Using fallback presentation compiler.
2026.07.07 15:03:01 INFO  no build target found for /Users/sindhoora/Downloads/distributed-file-retrieval-engine/app-java/src/main/java/com/sindhoora/distributedsearch/ClientProcessingEngine.java. Using fallback presentation compiler.
2026.07.07 15:03:01 INFO  no build target found for /Users/sindhoora/Downloads/distributed-file-retrieval-engine/app-java/src/main/java/com/sindhoora/distributedsearch/ClientProcessingEngine.java. Using fallback presentation compiler.
2026.07.07 15:03:01 INFO  no build target found for /Users/sindhoora/Downloads/distributed-file-retrieval-engine/app-java/src/main/java/com/sindhoora/distributedsearch/ClientProcessingEngine.java. Using fallback presentation compiler.
2026.07.07 15:03:02 INFO  no build target found for /Users/sindhoora/Downloads/distributed-file-retrieval-engine/app-java/src/main/java/com/sindhoora/distributedsearch/ClientProcessingEngine.java. Using fallback presentation compiler.
2026.07.07 15:03:02 INFO  no build target found for /Users/sindhoora/Downloads/distributed-file-retrieval-engine/app-java/src/main/java/com/sindhoora/distributedsearch/ClientProcessingEngine.java. Using fallback presentation compiler.
2026.07.07 15:03:02 INFO  no build target found for /Users/sindhoora/Downloads/distributed-file-retrieval-engine/app-java/src/main/java/com/sindhoora/distributedsearch/ClientProcessingEngine.java. Using fallback presentation compiler.
2026.07.07 15:03:04 INFO  no build target found for /Users/sindhoora/Downloads/distributed-file-retrieval-engine/app-java/src/main/java/com/sindhoora/distributedsearch/ClientProcessingEngine.java. Using fallback presentation compiler.
2026.07.07 15:03:04 INFO  no build target found for /Users/sindhoora/Downloads/distributed-file-retrieval-engine/app-java/src/main/java/com/sindhoora/distributedsearch/ClientProcessingEngine.java. Using fallback presentation compiler.
2026.07.07 15:03:06 INFO  no build target found for /Users/sindhoora/Downloads/distributed-file-retrieval-engine/app-java/src/main/java/com/sindhoora/distributedsearch/ClientProcessingEngine.java. Using fallback presentation compiler.
2026.07.07 15:03:06 INFO  no build target found for /Users/sindhoora/Downloads/distributed-file-retrieval-engine/app-java/src/main/java/com/sindhoora/distributedsearch/ClientProcessingEngine.java. Using fallback presentation compiler.
2026.07.07 15:03:14 INFO  no build target found for /Users/sindhoora/Downloads/distributed-file-retrieval-engine/app-java/src/main/java/com/sindhoora/distributedsearch/ClientProcessingEngine.java. Using fallback presentation compiler.
2026.07.07 15:03:14 INFO  no build target found for /Users/sindhoora/Downloads/distributed-file-retrieval-engine/app-java/src/main/java/com/sindhoora/distributedsearch/ClientProcessingEngine.java. Using fallback presentation compiler.
2026.07.07 15:03:16 INFO  no build target found for /Users/sindhoora/Downloads/distributed-file-retrieval-engine/app-java/src/main/java/com/sindhoora/distributedsearch/ClientProcessingEngine.java. Using fallback presentation compiler.
2026.07.07 15:03:16 INFO  no build target found for /Users/sindhoora/Downloads/distributed-file-retrieval-engine/app-java/src/main/java/com/sindhoora/distributedsearch/ClientProcessingEngine.java. Using fallback presentation compiler.
2026.07.07 15:03:16 INFO  no build target found for /Users/sindhoora/Downloads/distributed-file-retrieval-engine/app-java/src/main/java/com/sindhoora/distributedsearch/ClientProcessingEngine.java. Using fallback presentation compiler.
2026.07.07 15:03:18 INFO  no build target found for /Users/sindhoora/Downloads/distributed-file-retrieval-engine/app-java/src/main/java/com/sindhoora/distributedsearch/ClientProcessingEngine.java. Using fallback presentation compiler.
2026.07.07 15:03:18 INFO  no build target found for /Users/sindhoora/Downloads/distributed-file-retrieval-engine/app-java/src/main/java/com/sindhoora/distributedsearch/ClientProcessingEngine.java. Using fallback presentation compiler.
2026.07.07 15:03:18 INFO  no build target found for /Users/sindhoora/Downloads/distributed-file-retrieval-engine/app-java/src/main/java/com/sindhoora/distributedsearch/ClientProcessingEngine.java. Using fallback presentation compiler.
2026.07.07 15:03:18 INFO  no build target found for /Users/sindhoora/Downloads/distributed-file-retrieval-engine/app-java/src/main/java/com/sindhoora/distributedsearch/ClientProcessingEngine.java. Using fallback presentation compiler.
2026.07.07 15:03:19 INFO  no build target found for /Users/sindhoora/Downloads/distributed-file-retrieval-engine/app-java/src/main/java/com/sindhoora/distributedsearch/ClientProcessingEngine.java. Using fallback presentation compiler.
2026.07.07 15:03:19 INFO  no build target found for /Users/sindhoora/Downloads/distributed-file-retrieval-engine/app-java/src/main/java/com/sindhoora/distributedsearch/ClientProcessingEngine.java. Using fallback presentation compiler.
2026.07.07 15:03:19 INFO  no build target found for /Users/sindhoora/Downloads/distributed-file-retrieval-engine/app-java/src/main/java/com/sindhoora/distributedsearch/ClientProcessingEngine.java. Using fallback presentation compiler.
2026.07.07 15:03:26 INFO  no build target found for /Users/sindhoora/Downloads/distributed-file-retrieval-engine/app-java/src/main/java/com/sindhoora/distributedsearch/ClientProcessingEngine.java. Using fallback presentation compiler.
2026.07.07 15:04:14 INFO  no build target found for /Users/sindhoora/Downloads/distributed-file-retrieval-engine/app-java/src/main/java/com/sindhoora/distributedsearch/ClientProcessingEngine.java. Using fallback presentation compiler.
2026.07.07 15:04:18 INFO  no build target found for /Users/sindhoora/Downloads/distributed-file-retrieval-engine/app-java/src/main/java/com/sindhoora/distributedsearch/ClientProcessingEngine.java. Using fallback presentation compiler.
2026.07.07 15:04:22 INFO  no build target found for /Users/sindhoora/Downloads/distributed-file-retrieval-engine/app-java/src/main/java/com/sindhoora/distributedsearch/ClientProcessingEngine.java. Using fallback presentation compiler.
2026.07.07 15:05:11 INFO  no build target found for /Users/sindhoora/Downloads/distributed-file-retrieval-engine/app-java/src/main/java/com/sindhoora/distributedsearch/ClientProcessingEngine.java. Using fallback presentation compiler.
2026.07.07 15:05:11 INFO  no build target found for /Users/sindhoora/Downloads/distributed-file-retrieval-engine/app-java/src/main/java/com/sindhoora/distributedsearch/ClientProcessingEngine.java. Using fallback presentation compiler.
2026.07.07 15:05:38 INFO  no build target found for /Users/sindhoora/Downloads/distributed-file-retrieval-engine/app-java/src/main/java/com/sindhoora/distributedsearch/ClientProcessingEngine.java. Using fallback presentation compiler.
2026.07.07 15:05:38 INFO  no build target found for /Users/sindhoora/Downloads/distributed-file-retrieval-engine/app-java/src/main/java/com/sindhoora/distributedsearch/ClientProcessingEngine.java. Using fallback presentation compiler.
2026.07.07 15:05:38 INFO  no build target found for /Users/sindhoora/Downloads/distributed-file-retrieval-engine/app-java/src/main/java/com/sindhoora/distributedsearch/ClientProcessingEngine.java. Using fallback presentation compiler.
2026.07.07 15:05:38 INFO  no build target found for /Users/sindhoora/Downloads/distributed-file-retrieval-engine/app-java/src/main/java/com/sindhoora/distributedsearch/ClientProcessingEngine.java. Using fallback presentation compiler.
2026.07.07 15:05:39 WARN  no build target for: /Users/sindhoora/Downloads/distributed-file-retrieval-engine/app-java/src/main/java/com/sindhoora/distributedsearch/ClientProcessingEngine.java
2026.07.07 15:05:39 INFO  no build target found for /Users/sindhoora/Downloads/distributed-file-retrieval-engine/app-java/src/main/java/com/sindhoora/distributedsearch/ClientProcessingEngine.java. Using fallback presentation compiler.
Jul 07, 2026 3:07:36 PM org.eclipse.lsp4j.jsonrpc.services.GenericEndpoint notify
INFO: Unsupported notification method: $/setTrace
2026.07.07 15:08:23 WARN  no build target for: /Users/sindhoora/Downloads/distributed-file-retrieval-engine/app-java/src/main/java/com/sindhoora/distributedsearch/ClientProcessingEngine.java
2026.07.07 15:08:23 INFO  no build target found for /Users/sindhoora/Downloads/distributed-file-retrieval-engine/app-java/src/main/java/com/sindhoora/distributedsearch/ClientProcessingEngine.java. Using fallback presentation compiler.
2026.07.07 15:08:23 INFO  no build target found for /Users/sindhoora/Downloads/distributed-file-retrieval-engine/app-java/src/main/java/com/sindhoora/distributedsearch/ClientProcessingEngine.java. Using fallback presentation compiler.
2026.07.07 15:08:23 INFO  no build target found for /Users/sindhoora/Downloads/distributed-file-retrieval-engine/app-java/src/main/java/com/sindhoora/distributedsearch/ClientProcessingEngine.java. Using fallback presentation compiler.
2026.07.07 15:08:24 INFO  no build target found for /Users/sindhoora/Downloads/distributed-file-retrieval-engine/app-java/src/main/java/com/sindhoora/distributedsearch/FileRetrievalBenchmark.java. Using fallback presentation compiler.
2026.07.07 15:08:24 WARN  no build target for: /Users/sindhoora/Downloads/distributed-file-retrieval-engine/app-java/src/main/java/com/sindhoora/distributedsearch/FileRetrievalBenchmark.java
2026.07.07 15:08:24 INFO  no build target found for /Users/sindhoora/Downloads/distributed-file-retrieval-engine/app-java/src/main/java/com/sindhoora/distributedsearch/FileRetrievalBenchmark.java. Using fallback presentation compiler.
2026.07.07 15:08:24 INFO  no build target found for /Users/sindhoora/Downloads/distributed-file-retrieval-engine/app-java/src/main/java/com/sindhoora/distributedsearch/FileRetrievalBenchmark.java. Using fallback presentation compiler.
2026.07.07 15:08:24 INFO  no build target found for /Users/sindhoora/Downloads/distributed-file-retrieval-engine/app-java/src/main/java/com/sindhoora/distributedsearch/FileRetrievalBenchmark.java. Using fallback presentation compiler.
2026.07.07 15:08:26 INFO  no build target found for /Users/sindhoora/Downloads/distributed-file-retrieval-engine/app-java/src/main/java/com/sindhoora/distributedsearch/FileRetrievalClient.java. Using fallback presentation compiler.
2026.07.07 15:08:26 WARN  no build target for: /Users/sindhoora/Downloads/distributed-file-retrieval-engine/app-java/src/main/java/com/sindhoora/distributedsearch/FileRetrievalClient.java
2026.07.07 15:08:26 INFO  no build target found for /Users/sindhoora/Downloads/distributed-file-retrieval-engine/app-java/src/main/java/com/sindhoora/distributedsearch/FileRetrievalClient.java. Using fallback presentation compiler.
2026.07.07 15:08:26 INFO  no build target found for /Users/sindhoora/Downloads/distributed-file-retrieval-engine/app-java/src/main/java/com/sindhoora/distributedsearch/FileRetrievalClient.java. Using fallback presentation compiler.
2026.07.07 15:08:26 INFO  no build target found for /Users/sindhoora/Downloads/distributed-file-retrieval-engine/app-java/src/main/java/com/sindhoora/distributedsearch/FileRetrievalClient.java. Using fallback presentation compiler.
2026.07.07 15:08:26 INFO  no build target found for /Users/sindhoora/Downloads/distributed-file-retrieval-engine/app-java/src/main/java/com/sindhoora/distributedsearch/FileRetrievalBenchmark.java. Using fallback presentation compiler.
2026.07.07 15:08:26 WARN  no build target for: /Users/sindhoora/Downloads/distributed-file-retrieval-engine/app-java/src/main/java/com/sindhoora/distributedsearch/FileRetrievalBenchmark.java
2026.07.07 15:08:27 INFO  no build target found for /Users/sindhoora/Downloads/distributed-file-retrieval-engine/app-java/src/main/java/com/sindhoora/distributedsearch/FileRetrievalBenchmark.java. Using fallback presentation compiler.
2026.07.07 15:08:27 INFO  no build target found for /Users/sindhoora/Downloads/distributed-file-retrieval-engine/app-java/src/main/java/com/sindhoora/distributedsearch/FileRetrievalBenchmark.java. Using fallback presentation compiler.
2026.07.07 15:08:27 INFO  no build target found for /Users/sindhoora/Downloads/distributed-file-retrieval-engine/app-java/src/main/java/com/sindhoora/distributedsearch/FileRetrievalBenchmark.java. Using fallback presentation compiler.
2026.07.07 15:08:29 INFO  no build target found for /Users/sindhoora/Downloads/distributed-file-retrieval-engine/app-java/src/main/java/com/sindhoora/distributedsearch/FileRetrievalBenchmark.java. Using fallback presentation compiler.
2026.07.07 15:08:29 INFO  no build target found for /Users/sindhoora/Downloads/distributed-file-retrieval-engine/app-java/src/main/java/com/sindhoora/distributedsearch/FileRetrievalBenchmark.java. Using fallback presentation compiler.
2026.07.07 15:08:32 INFO  no build target found for /Users/sindhoora/Downloads/distributed-file-retrieval-engine/app-java/src/main/java/com/sindhoora/distributedsearch/FileRetrievalBenchmark.java. Using fallback presentation compiler.
2026.07.07 15:08:32 INFO  no build target found for /Users/sindhoora/Downloads/distributed-file-retrieval-engine/app-java/src/main/java/com/sindhoora/distributedsearch/FileRetrievalBenchmark.java. Using fallback presentation compiler.
2026.07.07 15:08:37 INFO  no build target found for /Users/sindhoora/Downloads/distributed-file-retrieval-engine/app-java/src/main/java/com/sindhoora/distributedsearch/FileRetrievalBenchmark.java. Using fallback presentation compiler.
2026.07.07 15:08:38 INFO  no build target found for /Users/sindhoora/Downloads/distributed-file-retrieval-engine/app-java/src/main/java/com/sindhoora/distributedsearch/FileRetrievalBenchmark.java. Using fallback presentation compiler.
2026.07.07 15:08:38 INFO  no build target found for /Users/sindhoora/Downloads/distributed-file-retrieval-engine/app-java/src/main/java/com/sindhoora/distributedsearch/FileRetrievalBenchmark.java. Using fallback presentation compiler.
2026.07.07 15:08:38 INFO  no build target found for /Users/sindhoora/Downloads/distributed-file-retrieval-engine/app-java/src/main/java/com/sindhoora/distributedsearch/FileRetrievalBenchmark.java. Using fallback presentation compiler.
2026.07.07 15:08:43 INFO  no build target found for /Users/sindhoora/Downloads/distributed-file-retrieval-engine/app-java/src/main/java/com/sindhoora/distributedsearch/FileRetrievalBenchmark.java. Using fallback presentation compiler.
2026.07.07 15:08:44 INFO  no build target found for /Users/sindhoora/Downloads/distributed-file-retrieval-engine/app-java/src/main/java/com/sindhoora/distributedsearch/FileRetrievalBenchmark.java. Using fallback presentation compiler.
2026.07.07 15:08:44 INFO  no build target found for /Users/sindhoora/Downloads/distributed-file-retrieval-engine/app-java/src/main/java/com/sindhoora/distributedsearch/FileRetrievalBenchmark.java. Using fallback presentation compiler.
2026.07.07 15:08:53 INFO  no build target found for /Users/sindhoora/Downloads/distributed-file-retrieval-engine/app-java/src/main/java/com/sindhoora/distributedsearch/FileRetrievalClient.java. Using fallback presentation compiler.
2026.07.07 15:08:53 WARN  no build target for: /Users/sindhoora/Downloads/distributed-file-retrieval-engine/app-java/src/main/java/com/sindhoora/distributedsearch/FileRetrievalClient.java
2026.07.07 15:08:53 INFO  no build target found for /Users/sindhoora/Downloads/distributed-file-retrieval-engine/app-java/src/main/java/com/sindhoora/distributedsearch/FileRetrievalClient.java. Using fallback presentation compiler.
2026.07.07 15:08:53 INFO  no build target found for /Users/sindhoora/Downloads/distributed-file-retrieval-engine/app-java/src/main/java/com/sindhoora/distributedsearch/FileRetrievalClient.java. Using fallback presentation compiler.
2026.07.07 15:08:53 INFO  no build target found for /Users/sindhoora/Downloads/distributed-file-retrieval-engine/app-java/src/main/java/com/sindhoora/distributedsearch/FileRetrievalClient.java. Using fallback presentation compiler.
2026.07.07 15:08:53 INFO  no build target found for /Users/sindhoora/Downloads/distributed-file-retrieval-engine/app-java/src/main/java/com/sindhoora/distributedsearch/FileRetrievalClient.java. Using fallback presentation compiler.
2026.07.07 15:08:56 INFO  no build target found for /Users/sindhoora/Downloads/distributed-file-retrieval-engine/app-java/src/main/java/com/sindhoora/distributedsearch/FileRetrievalServer.java. Using fallback presentation compiler.
2026.07.07 15:08:56 WARN  no build target for: /Users/sindhoora/Downloads/distributed-file-retrieval-engine/app-java/src/main/java/com/sindhoora/distributedsearch/FileRetrievalServer.java
2026.07.07 15:08:56 INFO  no build target found for /Users/sindhoora/Downloads/distributed-file-retrieval-engine/app-java/src/main/java/com/sindhoora/distributedsearch/FileRetrievalServer.java. Using fallback presentation compiler.
2026.07.07 15:08:58 INFO  no build target found for /Users/sindhoora/Downloads/distributed-file-retrieval-engine/app-java/src/main/java/com/sindhoora/distributedsearch/IndexStore.java. Using fallback presentation compiler.
2026.07.07 15:08:58 WARN  no build target for: /Users/sindhoora/Downloads/distributed-file-retrieval-engine/app-java/src/main/java/com/sindhoora/distributedsearch/IndexStore.java
2026.07.07 15:08:58 INFO  no build target found for /Users/sindhoora/Downloads/distributed-file-retrieval-engine/app-java/src/main/java/com/sindhoora/distributedsearch/IndexStore.java. Using fallback presentation compiler.
2026.07.07 15:08:58 INFO  no build target found for /Users/sindhoora/Downloads/distributed-file-retrieval-engine/app-java/src/main/java/com/sindhoora/distributedsearch/IndexStore.java. Using fallback presentation compiler.
2026.07.07 15:08:58 INFO  no build target found for /Users/sindhoora/Downloads/distributed-file-retrieval-engine/app-java/src/main/java/com/sindhoora/distributedsearch/IndexStore.java. Using fallback presentation compiler.
2026.07.07 15:09:00 INFO  no build target found for /Users/sindhoora/Downloads/distributed-file-retrieval-engine/app-java/src/main/java/com/sindhoora/distributedsearch/ServerProcessingEngine.java. Using fallback presentation compiler.
2026.07.07 15:09:00 WARN  no build target for: /Users/sindhoora/Downloads/distributed-file-retrieval-engine/app-java/src/main/java/com/sindhoora/distributedsearch/ServerProcessingEngine.java
2026.07.07 15:09:00 INFO  no build target found for /Users/sindhoora/Downloads/distributed-file-retrieval-engine/app-java/src/main/java/com/sindhoora/distributedsearch/ServerProcessingEngine.java. Using fallback presentation compiler.
2026.07.07 15:09:00 INFO  no build target found for /Users/sindhoora/Downloads/distributed-file-retrieval-engine/app-java/src/main/java/com/sindhoora/distributedsearch/ServerProcessingEngine.java. Using fallback presentation compiler.
2026.07.07 15:09:00 INFO  no build target found for /Users/sindhoora/Downloads/distributed-file-retrieval-engine/app-java/src/main/java/com/sindhoora/distributedsearch/ServerProcessingEngine.java. Using fallback presentation compiler.
2026.07.07 15:10:47 WARN  no build target for: /Users/sindhoora/Downloads/distributed-file-retrieval-engine/app-java/src/main/java/com/sindhoora/distributedsearch/ClientProcessingEngine.java
2026.07.07 15:10:47 INFO  no build target found for /Users/sindhoora/Downloads/distributed-file-retrieval-engine/app-java/src/main/java/com/sindhoora/distributedsearch/ClientProcessingEngine.java. Using fallback presentation compiler.
2026.07.07 15:10:47 INFO  no build target found for /Users/sindhoora/Downloads/distributed-file-retrieval-engine/app-java/src/main/java/com/sindhoora/distributedsearch/ClientProcessingEngine.java. Using fallback presentation compiler.
2026.07.07 15:10:47 INFO  no build target found for /Users/sindhoora/Downloads/distributed-file-retrieval-engine/app-java/src/main/java/com/sindhoora/distributedsearch/ClientProcessingEngine.java. Using fallback presentation compiler.
2026.07.07 15:10:47 INFO  no build target found for /Users/sindhoora/Downloads/distributed-file-retrieval-engine/app-java/src/main/java/com/sindhoora/distributedsearch/ClientProcessingEngine.java. Using fallback presentation compiler.
2026.07.07 15:10:50 INFO  no build target found for /Users/sindhoora/Downloads/distributed-file-retrieval-engine/app-java/src/main/java/com/sindhoora/distributedsearch/FileRetrievalBenchmark.java. Using fallback presentation compiler.
2026.07.07 15:10:50 WARN  no build target for: /Users/sindhoora/Downloads/distributed-file-retrieval-engine/app-java/src/main/java/com/sindhoora/distributedsearch/FileRetrievalBenchmark.java
2026.07.07 15:10:50 INFO  no build target found for /Users/sindhoora/Downloads/distributed-file-retrieval-engine/app-java/src/main/java/com/sindhoora/distributedsearch/FileRetrievalBenchmark.java. Using fallback presentation compiler.
2026.07.07 15:10:50 INFO  no build target found for /Users/sindhoora/Downloads/distributed-file-retrieval-engine/app-java/src/main/java/com/sindhoora/distributedsearch/FileRetrievalBenchmark.java. Using fallback presentation compiler.
2026.07.07 15:10:50 INFO  no build target found for /Users/sindhoora/Downloads/distributed-file-retrieval-engine/app-java/src/main/java/com/sindhoora/distributedsearch/FileRetrievalBenchmark.java. Using fallback presentation compiler.
2026.07.07 15:10:51 INFO  no build target found for /Users/sindhoora/Downloads/distributed-file-retrieval-engine/app-java/src/main/java/com/sindhoora/distributedsearch/FileRetrievalBenchmark.java. Using fallback presentation compiler.
2026.07.07 15:10:51 INFO  no build target found for /Users/sindhoora/Downloads/distributed-file-retrieval-engine/app-java/src/main/java/com/sindhoora/distributedsearch/FileRetrievalBenchmark.java. Using fallback presentation compiler.
2026.07.07 15:10:51 INFO  no build target found for /Users/sindhoora/Downloads/distributed-file-retrieval-engine/app-java/src/main/java/com/sindhoora/distributedsearch/FileRetrievalBenchmark.java. Using fallback presentation compiler.
2026.07.07 15:10:51 INFO  no build target found for /Users/sindhoora/Downloads/distributed-file-retrieval-engine/app-java/src/main/java/com/sindhoora/distributedsearch/FileRetrievalBenchmark.java. Using fallback presentation compiler.
2026.07.07 15:10:52 INFO  no build target found for /Users/sindhoora/Downloads/distributed-file-retrieval-engine/app-java/src/main/java/com/sindhoora/distributedsearch/FileRetrievalBenchmark.java. Using fallback presentation compiler.
2026.07.07 15:10:52 INFO  no build target found for /Users/sindhoora/Downloads/distributed-file-retrieval-engine/app-java/src/main/java/com/sindhoora/distributedsearch/FileRetrievalBenchmark.java. Using fallback presentation compiler.
2026.07.07 15:10:52 INFO  no build target found for /Users/sindhoora/Downloads/distributed-file-retrieval-engine/app-java/src/main/java/com/sindhoora/distributedsearch/FileRetrievalBenchmark.java. Using fallback presentation compiler.
2026.07.07 15:10:52 INFO  no build target found for /Users/sindhoora/Downloads/distributed-file-retrieval-engine/app-java/src/main/java/com/sindhoora/distributedsearch/FileRetrievalBenchmark.java. Using fallback presentation compiler.
2026.07.07 15:10:53 WARN  no build target for: /Users/sindhoora/Downloads/distributed-file-retrieval-engine/app-java/src/main/java/com/sindhoora/distributedsearch/FileRetrievalBenchmark.java
2026.07.07 15:10:53 INFO  no build target found for /Users/sindhoora/Downloads/distributed-file-retrieval-engine/app-java/src/main/java/com/sindhoora/distributedsearch/FileRetrievalBenchmark.java. Using fallback presentation compiler.
Jul 07, 2026 3:11:00 PM org.eclipse.lsp4j.jsonrpc.services.GenericEndpoint notify
INFO: Unsupported notification method: $/setTrace
2026.07.07 15:11:00 INFO  no build target found for /Users/sindhoora/Downloads/distributed-file-retrieval-engine/app-java/src/main/java/com/sindhoora/distributedsearch/FileRetrievalBenchmark.java. Using fallback presentation compiler.
Jul 07, 2026 3:11:01 PM org.eclipse.lsp4j.jsonrpc.services.GenericEndpoint notify
INFO: Unsupported notification method: $/setTrace
2026.07.07 15:11:00 INFO  no build target found for /Users/sindhoora/Downloads/distributed-file-retrieval-engine/app-java/src/main/java/com/sindhoora/distributedsearch/FileRetrievalBenchmark.java. Using fallback presentation compiler.
2026.07.07 15:11:00 INFO  no build target found for /Users/sindhoora/Downloads/distributed-file-retrieval-engine/app-java/src/main/java/com/sindhoora/distributedsearch/FileRetrievalBenchmark.java. Using fallback presentation compiler.
Jul 07, 2026 3:11:02 PM org.eclipse.lsp4j.jsonrpc.services.GenericEndpoint notify
INFO: Unsupported notification method: $/setTrace
2026.07.07 15:11:02 INFO  no build target found for /Users/sindhoora/Downloads/distributed-file-retrieval-engine/app-java/src/main/java/com/sindhoora/distributedsearch/FileRetrievalBenchmark.java. Using fallback presentation compiler.
